---
source: tests/bad_input.rs
expression: err.unwrap()
---
~
