---
source: tests/bad_input.rs
expression: err.unwrap_err()
---
msg: Unexpected token
path: unexpected_token.c
loc:
  - 1
  - 25
verbose: false
