---
source: tests/bad_input.rs
expression: err.unwrap_err()
---
msg: "Redeclaration of variable `x`"
path: duplicate_variable_declaration.c
span:
  file: 0
  start:
    file: 0
    line: 1
    column: 30
  end:
    file: 0
    line: 1
    column: 31
verbose: false
kind: Error
